// Jest Snapshot v1, https://goo.gl/fbAQLP

exports[`<PagePlaceholder /> component Should render correctly 1`] = `
<div
  className="emptyMoviesFilmList"
/>
`;
